
============================================================
[LINT RUNNER] Unified Linting
============================================================
Project: E:\PROJETOS\brandaocontador-site
Time: 2026-02-22 13:36:57
Type: node
Linters: 2
------------------------------------------------------------

Running: npm lint...
  [PASS] npm lint

Running: tsc...
  [PASS] tsc

============================================================
SUMMARY
============================================================
[PASS] npm lint
[PASS] tsc

{
  "script": "lint_runner",
  "project": "E:\\PROJETOS\\brandaocontador-site",
  "type": "node",
  "checks": [
    {
      "name": "npm lint",
      "passed": true,
      "output": "\n> brandaocontador-next@0.1.0 lint\n> next lint\n\n\n./app/admin/clientes/components/ClientDriveExplorer.tsx\n89:8  Warning: React Hook useEffect has a missing dependency: 'fetchFiles'. Either include it or remove the dependency array.  react-hooks/exhaustive-deps\n104:48  Warning: Image elements must have an alt prop, either with meaningful text, or an empty string for decorative images.  jsx-a11y/alt-text\n\n./app/admin/clientes/page.tsx\n98:8  Warning: React Hook useEffect has a missing dependency: 'fetchClientes'. Either include it or remove the dependency array.  react-hooks/exhaustive-deps\n353:8  Warning: React Hook useEffect has missing dependencies: 'consulting', 'editingClient', and 'handleConsultarCNPJ'. Either include them or remove the dependency array.  react-hooks/exhaustive-deps\n\n./app/admin/clientes/[id]/page.tsx\n1525:8  Warning: React Hook useEffect has a missing dependency: 'fetchFolder'. Either include it or remove the dependency array.  react-hooks/exhaustive-deps\n\n./app/admin/cronograma/page.tsx\n55:8  Warning: React Hook useCallback has a missing dependency: 'supabase'. Either include it or remove the dependency array.  react-hooks/exhaustive-deps\n\n./app/admin/maestro/page.tsx\n159:8  Warning: React Hook useCallback has a missing dependency: 'supabase'. Either include it or remove the dependency array.  react-hooks/exhaustive-deps\n184:8  Warning: React Hook useEffect has a missing dependency: 'supabase'. Either include it or remove the dependency array.  react-hooks/exhaustive-deps\n\n./app/admin/page.tsx\n144:8  Warning: React Hook useCallback has a missing dependency: 'supabase'. Either include it or remove the dependency array.  react-hooks/exhaustive-deps\n162:8  Warning: React Hook useEffect has a missing dependency: 'supabase'. Either include it or remove the dependency array.  react-hooks/exhaustive-deps\n\n./app/admin/vencimentos/page.tsx\n50:8  Warning: React Hook useCallback has a missing dependency: 'supabase'. Either include it or remove the dependen",
      "error": ""
    },
    {
      "name": "tsc",
      "passed": true,
      "output": "",
      "error": ""
    }
  ],
  "passed": true
}
