
[UX AUDIT] 58 files checked
--------------------------------------------------
[*] WARNINGS (371):
  - [Typography] apple-icon.tsx: Text elements found without line-height. Body: 1.4-1.6, Headings: 1.1-1.3
  - [Typography] icon.tsx: Text elements found without line-height. Body: 1.4-1.6, Headings: 1.1-1.3
  - [Serial Position] page.tsx: Last nav item may not be important. Place key actions at start/end.
  - [Reflective] page.tsx: Long-form content without brand story/values. Add 'About' or 'Why We Exist' section.
  - [Trust] page.tsx: No social proof detected. Consider adding testimonials, ratings, or 'Trusted by' logos.
  - [Typography] page.tsx: No line length constraint (45-75ch). Use max-w-prose or max-w-[65ch].
  - [Typography] page.tsx: Fixed font sizes without clamp(). Consider fluid typography: clamp(MIN, PREFERRED, MAX)
  - [Visual] page.tsx: Flat design with no depth. Consider shadows or subtle gradients for hierarchy.
  - [Fitts' Law] layout.tsx: Small targets (< 44px)
  - [Reflective] layout.tsx: Long-form content without brand story/values. Add 'About' or 'Why We Exist' section.
  - [Typography] layout.tsx: No line length constraint (45-75ch). Use max-w-prose or max-w-[65ch].
  - [Typography] layout.tsx: Fixed font sizes without clamp(). Consider fluid typography: clamp(MIN, PREFERRED, MAX)
  - [Visual] layout.tsx: Flat design with no depth. Consider shadows or subtle gradients for hierarchy.
  - [Animation] layout.tsx: Async operations without loading indicator. Add skeleton or spinner for perceived performance.
  - [Animation] layout.tsx: Routing detected without page transitions. Consider fade/slide for context continuity.
[+] PASSED CHECKS: 33
STATUS: PASS
